PS C:\Users\aoaoi\OneDrive\デスクトップ\lesson\kadai> cd git_challenge
PS C:\Users\aoaoi\OneDrive\デスクトップ\lesson\kadai\git_challenge> git init
Initialized empty Git repository in C:/Users/aoaoi/OneDrive/デスクトップ/lesson/kadai/git_challenge/.git/
PS C:\Users\aoaoi\OneDrive\デスクトップ\lesson\kadai\git_challenge> echo "Hello, world!" >> hello_world.txt
PS C:\Users\aoaoi\OneDrive\デスクトップ\lesson\kadai\git_challenge> git add hello_world.txt
PS C:\Users\aoaoi\OneDrive\デスクトップ\lesson\kadai\git_challenge> git commit -m "hello_world.txtを追加”
[main (root-commit) 501765e] hello_world.txtを追加
 1 file changed, 0 insertions(+), 0 deletions(-)
 create mode 100644 hello_world.txt
PS C:\Users\aoaoi\OneDrive\デスクトップ\lesson\kadai\git_challenge> git add hello_world.txt
PS C:\Users\aoaoi\OneDrive\デスクトップ\lesson\kadai\git_challenge> git commit -m "日本語訳を追記”
[main 92ae634] 日本語訳を追記
 1 file changed, 0 insertions(+), 0 deletions(-)
PS C:\Users\aoaoi\OneDrive\デスクトップ\lesson\kadai\git_challenge> git log --oneline
92ae634 (HEAD -> main) 日本語訳を追記
501765e hello_world.txtを追加