PS C:\Users\aoaoi\OneDrive\デスクトップ\lesson\kadai1> cd git_challenge
PS C:\Users\aoaoi\OneDrive\デスクトップ\lesson\kadai1\git_challenge> git init
Initialized empty Git repository in C:/Users/aoaoi/OneDrive/デスクトップ/lesson/kadai1/git_challenge/.git/
PS C:\Users\aoaoi\OneDrive\デスクトップ\lesson\kadai1\git_challenge> echo "Hello, world!" >> hello_world.txt
PS C:\Users\aoaoi\OneDrive\デスクトップ\lesson\kadai1\git_challenge> git add hello_world.txt
PS C:\Users\aoaoi\OneDrive\デスクトップ\lesson\kadai1\git_challenge> git commit -m "hello_world.txtを追加”
[main (root-commit) 90ea9cc] hello_world.txtを追加
 1 file changed, 0 insertions(+), 0 deletions(-)
 create mode 100644 hello_world.txt
PS C:\Users\aoaoi\OneDrive\デスクトップ\lesson\kadai1\git_challenge> echo "こんにちは、世界！”　>> hello_world.txt
PS C:\Users\aoaoi\OneDrive\デスクトップ\lesson\kadai1\git_challenge> git add hello_world.txt
PS C:\Users\aoaoi\OneDrive\デスクトップ\lesson\kadai1\git_challenge> git commit -m "日本語訳を追記”
[main 696c90d] 日本語訳を追記
 1 file changed, 0 insertions(+), 0 deletions(-)
PS C:\Users\aoaoi\OneDrive\デスクトップ\lesson\kadai1\git_challenge> git log --oneline
696c90d (HEAD -> main) 日本語訳を追記
90ea9cc hello_world.txtを追加