PS C:\Users\aoaoi\OneDrive\デスクトップ\lesson\kadai> cd git_challenge
PS C:\Users\aoaoi\OneDrive\デスクトップ\lesson\kadai\git_challenge> git init
Initialized empty Git repository in C:/Users/aoaoi/OneDrive/デスクトップ/lesson/kadai/git_challenge/.git/
PS C:\Users\aoaoi\OneDrive\デスクトップ\lesson\kadai\git_challenge> git add hello_world.txt
PS C:\Users\aoaoi\OneDrive\デスクトップ\lesson\kadai\git_challenge> git commit -m "hello_world.txtを追加”
[main 75f04dc] hello_world.txtを追加
 1 file changed, 0 insertions(+), 0 deletions(-)
 create mode 100644 hello_world.txt
PS C:\Users\aoaoi\OneDrive\デスクトップ\lesson\kadai\git_challenge> git add hello_world.txt
PS C:\Users\aoaoi\OneDrive\デスクトップ\lesson\kadai\git_challenge> git commit -m "日本語訳を追記”
[main cd756d0] 日本語訳を追記
 1 file changed, 0 insertions(+), 0 deletions(-)
PS C:\Users\aoaoi\OneDrive\デスクトップ\lesson\kadai\git_challenge> git log --oneline
cd756d0 (HEAD -> main) 日本語訳を追記
75f04dc hello_world.txtを追加